-2.599287e+07 2.182061e+09 -8.400031e+10 1.962301e+12 -3.099459e+13 3.485219e+14 -2.852189e+15 1.695610e+16 -7.064303e+16 1.813718e+17 -1.146331e+17 -1.079522e+18 4.038877e+18 -2.298259e+18 -2.773102e+19 1.138585e+20 -2.317310e+20 2.793061e+20 -1.910940e+20 5.768352e+19
