fm_matrix_rows:12; fm_matrix_columns:8;
Singular vector:
1.725226e+00
1.576153e+00
1.150802e+00
8.780351e-01
5.632812e-01
3.474213e-01
7.541212e-02
1.927832e-02
