fm_matrix_rows:12; fm_matrix_columns:61;
Singular vector:
7.108885e+00
2.276851e+00
1.284965e+00
9.785153e-01
6.318182e-01
4.270768e-01
2.742798e-01
2.697660e-01
2.619314e-01
2.581152e-01
2.526266e-01
2.493726e-01
2.427688e-01
2.364590e-01
2.279786e-01
2.217444e-01
2.119851e-01
2.090586e-01
1.987056e-01
1.934964e-01
1.824107e-01
1.763052e-01
1.662220e-01
1.584570e-01
1.487145e-01
1.393403e-01
1.360127e-01
1.261997e-01
1.214036e-01
1.113589e-01
1.038460e-01
9.838770e-02
9.324766e-02
8.799851e-02
8.047070e-02
7.617061e-02
6.945470e-02
6.319717e-02
5.734304e-02
5.224870e-02
4.892984e-02
4.649038e-02
4.081606e-02
3.879829e-02
3.526457e-02
3.270573e-02
2.956741e-02
2.622470e-02
2.420008e-02
2.092967e-02
2.058270e-02
1.732908e-02
1.679759e-02
1.490695e-02
1.442474e-02
1.336598e-02
1.262665e-02
6.848144e-03
5.027549e-03
1.077298e-04
5.381821e-16
