d: 1 1 1 1 4 27 -6.261220700000000e+01 6.738779300000000e+01
3.880013072443959e+01 6.678551250929926e-01 2.629988708185122e+01 3.736998197224437e+00 7.533686279092468e+00 4.796281662501446e+00 7.047231222237902e+00 4.042853831070654e+00 5.823510775219856e+00 2.475721509954131e+00 3.658877421203296e+00 2.041317278687163e+00 1.492464922069414e+00 4.080001954222400e-01 -2.412994802354335e-01 -1.795569883029448e+00 -1.930614969300278e+00 -2.989804742348959e+00 -3.871729477719417e+00 -4.642673070736528e+00 -5.451261002142068e+00 -6.248934001770770e+00 -8.368987555540885e+00 -3.429922136708773e+00 -1.574264598936407e+01 -1.105501023263187e+01 -5.769369561392145e+00 -5.664497617753599e+00 -1.021633676590205e+01 
