fm_matrix_rows:12; fm_matrix_columns:29;
Singular vector:
1.724780e+00
1.701964e+00
1.671027e+00
1.626435e+00
1.569511e+00
1.501640e+00
1.428499e+00
1.351119e+00
1.269392e+00
1.180510e+00
1.087162e+00
1.013312e+00
9.545354e-01
8.651290e-01
7.652604e-01
6.686651e-01
5.794034e-01
5.028551e-01
4.341899e-01
3.728742e-01
3.173088e-01
2.640942e-01
2.142243e-01
1.692690e-01
1.324950e-01
1.037551e-01
8.771165e-02
5.233970e-02
2.346542e-02
