fm_matrix_rows:12; fm_matrix_columns:53;
Singular vector:
1.836471e+00
1.717118e+00
1.710823e+00
1.696461e+00
1.686068e+00
1.668623e+00
1.636872e+00
1.610750e+00
1.583537e+00
1.543531e+00
1.506133e+00
1.463268e+00
1.414446e+00
1.368324e+00
1.315264e+00
1.262059e+00
1.208886e+00
1.150142e+00
1.097122e+00
1.039571e+00
9.751923e-01
9.245128e-01
8.775057e-01
8.260424e-01
7.890605e-01
7.510513e-01
6.994640e-01
6.505090e-01
6.005991e-01
5.490910e-01
5.034778e-01
4.602165e-01
4.180968e-01
3.810041e-01
3.464770e-01
3.122555e-01
2.802758e-01
2.503548e-01
2.238949e-01
2.000080e-01
1.778758e-01
1.596427e-01
1.440945e-01
1.302101e-01
1.184526e-01
1.080403e-01
9.885408e-02
9.182939e-02
8.732417e-02
7.546410e-02
5.800633e-02
1.189628e-03
1.503040e-16
