fm_matrix_rows:12; fm_matrix_columns:71;
Singular vector:
1.721919e+00
1.721237e+00
1.710806e+00
1.696011e+00
1.687980e+00
1.679418e+00
1.667048e+00
1.651502e+00
1.633001e+00
1.614335e+00
1.593682e+00
1.568405e+00
1.542250e+00
1.515792e+00
1.487244e+00
1.458753e+00
1.426579e+00
1.391705e+00
1.358047e+00
1.325739e+00
1.293808e+00
1.252464e+00
1.213019e+00
1.179908e+00
1.148305e+00
1.109518e+00
1.065559e+00
1.029505e+00
9.972630e-01
9.575381e-01
9.199054e-01
8.807318e-01
8.434442e-01
8.093803e-01
7.748395e-01
7.364077e-01
6.982789e-01
6.667119e-01
6.332544e-01
5.998255e-01
5.708011e-01
5.384963e-01
5.033941e-01
4.778837e-01
4.508439e-01
4.239206e-01
3.970233e-01
3.692371e-01
3.484210e-01
3.285604e-01
3.023319e-01
2.801736e-01
2.623245e-01
2.455837e-01
2.258612e-01
2.082539e-01
1.939396e-01
1.783939e-01
1.645726e-01
1.539054e-01
1.417152e-01
1.303056e-01
1.223270e-01
1.143595e-01
1.062349e-01
1.005525e-01
9.759925e-02
9.328860e-02
8.941728e-02
8.299329e-02
8.271185e-02
