a: 1 1 1 4 6 7.886041000000000e+01 1.038604100000000e+02
6.869363191631068e-01 5.776783447032159e-01 4.012561981746608e-01 8.033431653530061e-02 -2.159263085504103e-01 -5.259573757344145e-01 -7.267699828422188e-01 -6.776025096216718e-01 
