fm_matrix_rows:12; fm_matrix_columns:8;
Singular vector:
1.725868e+00
1.575853e+00
1.154839e+00
8.773489e-01
5.584263e-01
3.419391e-01
7.486404e-02
1.755313e-02
