fm_matrix_rows:12; fm_matrix_columns:71;
Singular vector:
1.736409e+00
1.735760e+00
1.684271e+00
1.667281e+00
1.618907e+00
1.569969e+00
1.492351e+00
1.450869e+00
1.337483e+00
1.314183e+00
1.180686e+00
1.132374e+00
1.001415e+00
9.411627e-01
8.078542e-01
7.603280e-01
6.109998e-01
5.902516e-01
4.814637e-01
4.566331e-01
3.687196e-01
3.402267e-01
2.632737e-01
2.451846e-01
1.663915e-01
1.627498e-01
9.764240e-02
9.539015e-02
6.965154e-02
6.773905e-02
2.391194e-02
7.969534e-03
2.373680e-12
1.263978e-16
1.263978e-16
1.263978e-16
1.263978e-16
1.263978e-16
1.263978e-16
1.263978e-16
1.263978e-16
1.263978e-16
1.263978e-16
1.263978e-16
1.263978e-16
1.263978e-16
1.263978e-16
1.263978e-16
1.263978e-16
1.263978e-16
1.263978e-16
1.263978e-16
1.263978e-16
1.263978e-16
1.263978e-16
1.263978e-16
1.263978e-16
1.263978e-16
1.263978e-16
1.263978e-16
1.263978e-16
1.263978e-16
1.263978e-16
1.263978e-16
1.263978e-16
1.263978e-16
1.263978e-16
1.263978e-16
1.263978e-16
1.263978e-16
1.263978e-16
